(---------------------------------------------------------------------)
(                                                                     )
(    Allegro Netrev Import Logic                                      )
(                                                                     )
(    Drawing          : PROIECT1_ENACHEVICTOR.brd                     )
(    Software Version : 24.1S001                                      )
(    Date/Time        : Sat Dec  7 11:46:26 2024                      )
(                                                                     )
(---------------------------------------------------------------------)


------ Directives ------------

Ripup etch:                  No
Ripup delete first segment:  No
Ripup retain bondwire:       No
Ripup symbols:               Always
Missing symbol has error:    No
DRC update:                  Yes
Schematic directory:         'D:\P1_Victor\Enache_Victor\Schematics\Proiect\allegro'
Design Directory:            'D:/P1_Victor/Enache_Victor/Schematics/Proiect/allegro'
Old design name:             'D:/P1_Victor/Enache_Victor/Schematics/Proiect/allegro/PROIECT1_ENACHEVICTOR.brd'
New design name:             'D:/P1_Victor/Enache_Victor/Schematics/Proiect/allegro/PROIECT1_ENACHEVICTOR.brd'

CmdLine: netrev.exe -y 1 -n -i D:\P1_Victor\Enache_Victor\Schematics\Proiect\allegro D:/P1_Victor/Enache_Victor/Schematics/Proiect/allegro/PROIECT1_ENACHEVICTOR.brd D:/P1_Victor/Enache_Victor/Schematics/Proiect/allegro/PROIECT1_ENACHEVICTOR.brd

------ Preparing to read pst files ------

Starting to read D:/P1_Victor/Enache_Victor/Schematics/Proiect/allegro/pstchip.dat 
   Finished reading D:/P1_Victor/Enache_Victor/Schematics/Proiect/allegro/pstchip.dat (00:00:00.00)
Starting to read D:/P1_Victor/Enache_Victor/Schematics/Proiect/allegro/pstxprt.dat 
   Finished reading D:/P1_Victor/Enache_Victor/Schematics/Proiect/allegro/pstxprt.dat (00:00:00.00)
Starting to read D:/P1_Victor/Enache_Victor/Schematics/Proiect/allegro/pstxnet.dat 
   Finished reading D:/P1_Victor/Enache_Victor/Schematics/Proiect/allegro/pstxnet.dat (00:00:00.00)

------ Oversights/Warnings/Errors ------


------ Library Paths ------
MODULEPATH =  . 
           c:/cadence/spb_24.1/share/orApps/OrCaptureApp/../../../share/local/pcb/modules 

PSMPATH =  . 
           symbols 
           .. 
           ../symbols 
           c:/cadence/spb_24.1/share/orApps/OrCaptureApp/../../../share/local/pcb/symbols 
           c:/cadence/spb_24.1/share/orApps/OrCaptureApp/../../../share/pcb/pcb_lib/symbols 
           c:/cadence/spb_24.1/share/orApps/OrCaptureApp/../../../share/pcb/allegrolib/symbols 

PADPATH =  . 
           symbols 
           .. 
           ../symbols 
           c:/cadence/spb_24.1/share/orApps/OrCaptureApp/../../../share/local/pcb/padstacks 
           c:/cadence/spb_24.1/share/orApps/OrCaptureApp/../../../share/pcb/pcb_lib/symbols 
           c:/cadence/spb_24.1/share/orApps/OrCaptureApp/../../../share/pcb/allegrolib/symbols 


------ Summary Statistics ------


netrev run on Dec 7 11:46:26 2024
   DESIGN NAME : 'PROIECT1_ENACHEVICTOR'
   PACKAGING ON Nov  4 2024 10:21:55

   COMPILE 'logic'
   CHECK_PIN_NAMES OFF
   CROSS_REFERENCE OFF
   FEEDBACK OFF
   INCREMENTAL OFF
   INTERFACE_TYPE PHYSICAL
   MAX_ERRORS 500
   MERGE_MINIMUM 5
   NET_NAME_CHARS '#%&()*+-./:=>?@[]^_`|'
   NET_NAME_LENGTH 24
   OVERSIGHTS ON
   REPLACE_CHECK OFF
   SINGLE_NODE_NETS ON
   SPLIT_MINIMUM 0
   SUPPRESS   20
   WARNINGS ON

 No error detected
 No oversight detected
 No warning detected

cpu time      0:00:14
elapsed time  0:00:00

